// Jest Snapshot v1, https://goo.gl/fbAQLP

exports[`Counter 1`] = `
<div>
  <div
    class="counter-container"
  >
    <div>
      <p
        class="counter-label"
        data-testid="counter"
      >
        0
      </p>
    </div>
    <button>
      Reset
    </button>
    <button>
      +
    </button>
    <button>
      -
    </button>
  </div>
</div>
`;
