// Jest Snapshot v1, https://goo.gl/fbAQLP

exports[`App 1`] = `
<div>
  <div>
    <div>
      <label
        data-testid="counter"
      >
        0
      </label>
    </div>
    <button>
      +
    </button>
    <button>
      -
    </button>
  </div>
</div>
`;
